
> asancha-properties@0.1.0 build
> next build

Γû▓ Next.js 16.1.3 (Turbopack)

  Creating an optimized production build ...
node.exe : Turbopack 
build encountered 1 
warnings:
At line:1 char:1
+ & "C:\Program Files\
nodejs/node.exe" 
"C:\Program 
Files\nodejs/node_mo 
...
+ ~~~~~~~~~~~~~~~~~~~~
~~~~~~~~~~~~~~~~~~~~~~
~~~~~~~~~~~~~~~~~~~~~~
~~~~~
    + CategoryInfo    
          : NotSpeci  
  fied: (Turbopack    
 build encountered    
 1 warnings::Stri    
ng) [], RemoteExc    
eption
    + FullyQualifiedE 
   rrorId : NativeCo  
  mmandError
 
./app/assets/below-mar
ket.avif
AVIF image not 
supported
This version of 
Turbopack does not 
support AVIF images, 
will emit without 
optimization or 
encoding

Import trace:
  Server Component:
    ./app/assets/below
-market.avif
    ./app/page.tsx


Γ£ô Compiled successfully in 25.2s
  Running TypeScript ...
Failed to compile.

./app/dashboard/layout
.tsx:123:66
Type error: Property 
'name' does not exist 
on type 'User'.

[0m [90m 121 |[39m 
                    [
33m<[39m[33mbutton[
39m className[33m=[3
9m[32m"relative h-8 
w-8 rounded-full 
border-0 
hover:bg-none 
hover:shadow-lg cursor
-pointer"[39m[33m>[
39m
 [90m 122 |[39m     
                  [33
m<[39m[33mAvatar[39
m className[33m=[39m
[32m"h-8 
w-8"[39m[33m>[39m
[31m[1m>[22m[39m[
90m 123 |[39m        
                 [33m
<[39m[33mAvatarImage
[39m src[33m=[39m{u
ser[33m.[39mavatar} 
alt[33m=[39m{user[3
3m.[39mname} 
[33m/[39m[33m>[39m
 [90m     |[39m     
                      
                      
                 
[31m[1m^[22m[39m
 [90m 124 |[39m     
                    [
33m<[39m[33mAvatarFa
llback[39m[33m>[39m
{user[33m.[39mname[
33m.[39mcharAt([35m0
[39m)}[33m<[39m[33
m/[39m[33mAvatarFall
back[39m[33m>[39m
 [90m 125 |[39m     
                  [33
m<[39m[33m/[39m[33
mAvatar[39m[33m>[39
m
 [90m 126 |[39m     
                [33m<
[39m[33m/[39m[33mb
utton[39m[33m>[39m
[0m
Next.js build worker 
exited with code: 1 
and signal: null
